Microsoft Windows [Version 10.0.17763.678]
(c) 2018 Microsoft Corporation. Todos los derechos reservados.

C:\Users\leone>mysqlsh
MySQL Shell 8.0.17

Copyright (c) 2016, 2019, Oracle and/or its affiliates. All rights reserved.
Oracle is a registered trademark of Oracle Corporation and/or its affiliates.
Other names may be trademarks of their respective owners.

Type '\help' or '\?' for help; '\quit' to exit.
 MySQL  JS > \sql
Switching to SQL mode... Commands end with ;
 MySQL  SQL > \connect --mc root@localhost
Creating a Classic session to 'root@localhost'
Please provide the password for 'root@localhost': ****
Save password for 'root@localhost'? [Y]es/[N]o/Ne[v]er (default No):
Fetching schema names for autocompletion... Press ^C to stop.
Your MySQL connection id is 9
Server version: 8.0.17 MySQL Community Server - GPL
No default schema selected; type \use <schema> to set one.
 MySQL  localhost:3306 ssl  SQL > show databases;
+--------------------+
| Database           |
+--------------------+
| copia_eva_1        |
| eva_1              |
| importada          |
| information_schema |
| mysql              |
| performance_schema |
| prueba2            |
| sys                |
+--------------------+
8 rows in set (0.0009 sec)
 MySQL  localhost:3306 ssl  SQL > use eva_1
Default schema set to `eva_1`.
Fetching table and column names from `eva_1` for auto-completion... Press ^C to stop.
 MySQL  localhost:3306 ssl  eva_1  SQL > show tables;
+------------------+
| Tables_in_eva_1  |
+------------------+
| alumnos          |
| carreras         |
| country          |
| materias         |
| materias2        |
| paises           |
| prueba           |
| prueba_copia     |
| prueba_copia_dat |
| subjects         |
+------------------+
10 rows in set (0.0017 sec)
 MySQL  localhost:3306 ssl  eva_1  SQL > alter table alumnos
                                      -> add apellidos varchar(50);
Query OK, 0 rows affected (0.1617 sec)

Records: 0  Duplicates: 0  Warnings: 0
 MySQL  localhost:3306 ssl  eva_1  SQL > show create table alumnos;
+---------+-------------------------------------------------------------------------------------------------------------------------------------------------------------------------------------------------------------------------------------------------------------------------+
| Table   | Create Table                                                                                                                                                                                                                                                            |
+---------+-------------------------------------------------------------------------------------------------------------------------------------------------------------------------------------------------------------------------------------------------------------------------+
| alumnos | CREATE TABLE `alumnos` (
  `no_control` int(11) NOT NULL AUTO_INCREMENT,
  `nombre` varchar(50) DEFAULT NULL,
  `apellidos` varchar(50) DEFAULT NULL,
  PRIMARY KEY (`no_control`)
) ENGINE=InnoDB AUTO_INCREMENT=13 DEFAULT CHARSET=utf8mb4 COLLATE=utf8mb4_0900_ai_ci |
+---------+-------------------------------------------------------------------------------------------------------------------------------------------------------------------------------------------------------------------------------------------------------------------------+
1 row in set (0.0006 sec)
 MySQL  localhost:3306 ssl  eva_1  SQL > alter table alumnos
                                      -> modify nombre varchar(50) not null;
ERROR: 1138 (22004): Invalid use of NULL value
 MySQL  localhost:3306 ssl  eva_1  SQL > alter table alumnos
                                      ->                                       -> modify nombre varchar(50) default not null;
ERROR: 1064 (42000): You have an error in your SQL syntax; check the manual that corresponds to your MySQL server version for the right syntax to use near '-> modify nombre varchar(50) default not null' at line 2
 MySQL  localhost:3306 ssl  eva_1  SQL > alter table alumnos
                                      -> add fecha_nac date not null;
Query OK, 0 rows affected (0.2399 sec)

Records: 0  Duplicates: 0  Warnings: 0
 MySQL  localhost:3306 ssl  eva_1  SQL > alter table alumnos
                                      -> add rfc varchar(13) not null
                                      -> after apellidos;
Query OK, 0 rows affected (0.2132 sec)

Records: 0  Duplicates: 0  Warnings: 0
 MySQL  localhost:3306 ssl  eva_1  SQL > alter table alumnos
                                      -> rename column nobre to nombres;
ERROR: 1054 (42S22): Unknown column 'nobre' in 'alumnos'
 MySQL  localhost:3306 ssl  eva_1  SQL > alter table alumnos rename column nombre to nombres;
Query OK, 0 rows affected (0.4178 sec)

Records: 0  Duplicates: 0  Warnings: 0
 MySQL  localhost:3306 ssl  eva_1  SQL > alter table alumnos rename column apellidos to apellido_pat;
Query OK, 0 rows affected (0.0286 sec)

Records: 0  Duplicates: 0  Warnings: 0
 MySQL  localhost:3306 ssl  eva_1  SQL > alter table alumnos
                                      -> add apellido_mat varchar(50) not null after apellido_pat;
Query OK, 0 rows affected (0.5531 sec)

Records: 0  Duplicates: 0  Warnings: 0
 MySQL  localhost:3306 ssl  eva_1  SQL > alter table alumnos
                                      -> add basura int;
Query OK, 0 rows affected (0.0173 sec)

Records: 0  Duplicates: 0  Warnings: 0
 MySQL  localhost:3306 ssl  eva_1  SQL > alter table alumnos
                                      -> drop basura;
Query OK, 0 rows affected (0.2422 sec)

Records: 0  Duplicates: 0  Warnings: 0
 MySQL  localhost:3306 ssl  eva_1  SQL > alter table alumnos
                                      -> drop no_control;
Query OK, 8 rows affected (0.1019 sec)

Records: 8  Duplicates: 0  Warnings: 0
 MySQL  localhost:3306 ssl  eva_1  SQL > show create table alumnos;
+---------+-------------------------------------------------------------------------------------------------------------------------------------------------------------------------------------------------------------------------------------------------------------------------------+
| Table   | Create Table                                                                                                                                                                                                                                                                  |
+---------+-------------------------------------------------------------------------------------------------------------------------------------------------------------------------------------------------------------------------------------------------------------------------------+
| alumnos | CREATE TABLE `alumnos` (
  `nombres` varchar(50) DEFAULT NULL,
  `apellido_pat` varchar(50) DEFAULT NULL,
  `apellido_mat` varchar(50) NOT NULL,
  `rfc` varchar(13) NOT NULL,
  `fecha_nac` date NOT NULL
) ENGINE=InnoDB DEFAULT CHARSET=utf8mb4 COLLATE=utf8mb4_0900_ai_ci |
+---------+-------------------------------------------------------------------------------------------------------------------------------------------------------------------------------------------------------------------------------------------------------------------------------+
1 row in set (0.0006 sec)
 MySQL  localhost:3306 ssl  eva_1  SQL > alter table alumnos
                                      -> add no_control int(11) not null auto_increment key first;
Query OK, 0 rows affected, 1 warning (0.2089 sec)

Records: 0  Duplicates: 0  Warnings: 1
Warning (code 1681): Integer display width is deprecated and will be removed in a future release.
 MySQL  localhost:3306 ssl  eva_1  SQL > show create table alumnos;
+---------+------------------------------------------------------------------------------------------------------------------------------------------------------------------------------------------------------------------------------------------------------------------------------------------------------------------------------------------------------------------------------+
| Table   | Create Table                                                                                                                                                                                                                                                                                                                                                                 |
+---------+------------------------------------------------------------------------------------------------------------------------------------------------------------------------------------------------------------------------------------------------------------------------------------------------------------------------------------------------------------------------------+
| alumnos | CREATE TABLE `alumnos` (
  `no_control` int(11) NOT NULL AUTO_INCREMENT,
  `nombres` varchar(50) DEFAULT NULL,
  `apellido_pat` varchar(50) DEFAULT NULL,
  `apellido_mat` varchar(50) NOT NULL,
  `rfc` varchar(13) NOT NULL,
  `fecha_nac` date NOT NULL,
  PRIMARY KEY (`no_control`)
) ENGINE=InnoDB AUTO_INCREMENT=9 DEFAULT CHARSET=utf8mb4 COLLATE=utf8mb4_0900_ai_ci |
+---------+------------------------------------------------------------------------------------------------------------------------------------------------------------------------------------------------------------------------------------------------------------------------------------------------------------------------------------------------------------------------------+
1 row in set (0.0006 sec)
 MySQL  localhost:3306 ssl  eva_1  SQL > alter table alumnos drop no_control;
Query OK, 8 rows affected (0.4532 sec)

Records: 8  Duplicates: 0  Warnings: 0
 MySQL  localhost:3306 ssl  eva_1  SQL > alter table alumnos add no_control int(11) not null auto_increment first;
ERROR: 1075 (42000): Incorrect table definition; there can be only one auto column and it must be defined as a key
 MySQL  localhost:3306 ssl  eva_1  SQL > alter table alumnos add no_control int(11) not null first;
Query OK, 0 rows affected, 1 warning (0.2569 sec)

Records: 0  Duplicates: 0  Warnings: 1
Warning (code 1681): Integer display width is deprecated and will be removed in a future release.
 MySQL  localhost:3306 ssl  eva_1  SQL > alter table alumnos
                                      -> add primary key(no_control);
ERROR: 1062 (23000): Duplicate entry '0' for key 'PRIMARY'
 MySQL  localhost:3306 ssl  eva_1  SQL > select* from alumnos;
+------------+------------+--------------+--------------+-----+------------+
| no_control | nombres    | apellido_pat | apellido_mat | rfc | fecha_nac  |
+------------+------------+--------------+--------------+-----+------------+
|          0 | HORSE LUIS | NULL         |              |     | 0000-00-00 |
|          0 | IVÁN       | NULL         |              |     | 0000-00-00 |
|          0 | HORSE LUIS | NULL         |              |     | 0000-00-00 |
|          0 | IVÁN       | NULL         |              |     | 0000-00-00 |
|          0 | MARTIN     | NULL         |              |     | 0000-00-00 |
|          0 | NULL       | NULL         |              |     | 0000-00-00 |
|          0 | MIGUEL     | NULL         |              |     | 0000-00-00 |
|          0 | RUBEN      | NULL         |              |     | 0000-00-00 |
+------------+------------+--------------+--------------+-----+------------+
8 rows in set (0.0005 sec)
 MySQL  localhost:3306 ssl  eva_1  SQL > delete from alumnos
                                      -> where no_control =0;
Query OK, 8 rows affected (0.0075 sec)
 MySQL  localhost:3306 ssl  eva_1  SQL > select * from alumnos;
Empty set (0.0005 sec)
 MySQL  localhost:3306 ssl  eva_1  SQL > alter table
                                      -> delete from alumnos where no_control =0;^C
 MySQL  localhost:3306 ssl  eva_1  SQL > alter table alumnos
                                      -> add primary key(no_control);
Query OK, 0 rows affected (0.1531 sec)

Records: 0  Duplicates: 0  Warnings: 0
 MySQL  localhost:3306 ssl  eva_1  SQL > alter table alumnos
                                      -> modify no_control int not null auto_increment;
Query OK, 0 rows affected (0.1625 sec)

Records: 0  Duplicates: 0  Warnings: 0
 MySQL  localhost:3306 ssl  eva_1  SQL > show create table alumnos;
+---------+-------------------------------------------------------------------------------------------------------------------------------------------------------------------------------------------------------------------------------------------------------------------------------------------------------------------------------------------------------------+
| Table   | Create Table                                                                                                                                                                                                                                                                                                                                                |
+---------+-------------------------------------------------------------------------------------------------------------------------------------------------------------------------------------------------------------------------------------------------------------------------------------------------------------------------------------------------------------+
| alumnos | CREATE TABLE `alumnos` (
  `no_control` int(11) NOT NULL AUTO_INCREMENT,
  `nombres` varchar(50) DEFAULT NULL,
  `apellido_pat` varchar(50) DEFAULT NULL,
  `apellido_mat` varchar(50) NOT NULL,
  `rfc` varchar(13) NOT NULL,
  `fecha_nac` date NOT NULL,
  PRIMARY KEY (`no_control`)
) ENGINE=InnoDB DEFAULT CHARSET=utf8mb4 COLLATE=utf8mb4_0900_ai_ci |
+---------+-------------------------------------------------------------------------------------------------------------------------------------------------------------------------------------------------------------------------------------------------------------------------------------------------------------------------------------------------------------+
1 row in set (0.0006 sec)
 MySQL  localhost:3306 ssl  eva_1  SQL >