Microsoft Windows [Version 10.0.17763.678]
(c) 2018 Microsoft Corporation. Todos los derechos reservados.

C:\Users\leone>mysqlsh
MySQL Shell 8.0.17

Copyright (c) 2016, 2019, Oracle and/or its affiliates. All rights reserved.
Oracle is a registered trademark of Oracle Corporation and/or its affiliates.
Other names may be trademarks of their respective owners.

Type '\help' or '\?' for help; '\quit' to exit.
 MySQL  JS > \sql
Switching to SQL mode... Commands end with ;
 MySQL  SQL > \connect --mc root@localhost
Creating a Classic session to 'root@localhost'
Please provide the password for 'root@localhost': ****
Save password for 'root@localhost'? [Y]es/[N]o/Ne[v]er (default No):
Fetching schema names for autocompletion... Press ^C to stop.
Your MySQL connection id is 14
Server version: 8.0.17 MySQL Community Server - GPL
No default schema selected; type \use <schema> to set one.
 MySQL  localhost:3306 ssl  SQL > use eva_1
Default schema set to `eva_1`.
Fetching table and column names from `eva_1` for auto-completion... Press ^C to stop.
 MySQL  localhost:3306 ssl  eva_1  SQL > show tables;
+------------------+
| Tables_in_eva_1  |
+------------------+
| alumnos          |
| carreras         |
| country          |
| materias         |
| materias2        |
| paises           |
| prueba           |
| prueba_copia     |
| prueba_copia_dat |
| subjects         |
+------------------+
10 rows in set (0.0015 sec)
 MySQL  localhost:3306 ssl  eva_1  SQL > create table clientes(cliente_id int auto_increment not null key, nombre varchar(50));
Query OK, 0 rows affected (0.0587 sec)
 MySQL  localhost:3306 ssl  eva_1  SQL > create table ventas(ventas_id int auto_increment not null key, cliente_id int not null, foreign key(cliente_id) references clientes(cliente_id) on delete cascade on update cascade);
Query OK, 0 rows affected (0.0979 sec)
 MySQL  localhost:3306 ssl  eva_1  SQL > show tables;
+------------------+
| Tables_in_eva_1  |
+------------------+
| alumnos          |
| carreras         |
| clientes         |
| country          |
| materias         |
| materias2        |
| paises           |
| prueba           |
| prueba_copia     |
| prueba_copia_dat |
| subjects         |
| ventas           |
+------------------+
12 rows in set (0.0066 sec)
 MySQL  localhost:3306 ssl  eva_1  SQL > show create table clientes;
+----------+----------------------------------------------------------------------------------------------------------------------------------------------------------------------------------------------------------------+
| Table    | Create Table                                                                                                                                                                                                   |
+----------+----------------------------------------------------------------------------------------------------------------------------------------------------------------------------------------------------------------+
| clientes | CREATE TABLE `clientes` (
  `cliente_id` int(11) NOT NULL AUTO_INCREMENT,
  `nombre` varchar(50) DEFAULT NULL,
  PRIMARY KEY (`cliente_id`)
) ENGINE=InnoDB DEFAULT CHARSET=utf8mb4 COLLATE=utf8mb4_0900_ai_ci |
+----------+----------------------------------------------------------------------------------------------------------------------------------------------------------------------------------------------------------------+
1 row in set (0.0065 sec)
 MySQL  localhost:3306 ssl  eva_1  SQL > show create table ventas;
+--------+-----------------------------------------------------------------------------------------------------------------------------------------------------------------------------------------------------------------------------------------------------------------------------------------------------------------------------------------------------------------------------+
| Table  | Create Table                                                                                                                                                                                                                                                                                                                                                                |
+--------+-----------------------------------------------------------------------------------------------------------------------------------------------------------------------------------------------------------------------------------------------------------------------------------------------------------------------------------------------------------------------------+
| ventas | CREATE TABLE `ventas` (
  `ventas_id` int(11) NOT NULL AUTO_INCREMENT,
  `cliente_id` int(11) NOT NULL,
  PRIMARY KEY (`ventas_id`),
  KEY `cliente_id` (`cliente_id`),
  CONSTRAINT `ventas_ibfk_1` FOREIGN KEY (`cliente_id`) REFERENCES `clientes` (`cliente_id`) ON DELETE CASCADE ON UPDATE CASCADE
) ENGINE=InnoDB DEFAULT CHARSET=utf8mb4 COLLATE=utf8mb4_0900_ai_ci |
+--------+-----------------------------------------------------------------------------------------------------------------------------------------------------------------------------------------------------------------------------------------------------------------------------------------------------------------------------------------------------------------------------+
1 row in set (0.0229 sec)
 MySQL  localhost:3306 ssl  eva_1  SQL > insert into ventas(cliente_id) values (5);
ERROR: 1452 (23000): Cannot add or update a child row: a foreign key constraint fails (`eva_1`.`ventas`, CONSTRAINT `ventas_ibfk_1` FOREIGN KEY (`cliente_id`) REFERENCES `clientes` (`cliente_id`) ON DELETE CASCADE ON UPDATE CASCADE)
 MySQL  localhost:3306 ssl  eva_1  SQL > insert into clientes(nombre) values('Winston Smith');
Query OK, 1 row affected (0.1263 sec)
 MySQL  localhost:3306 ssl  eva_1  SQL > select * from clientes;
+------------+---------------+
| cliente_id | nombre        |
+------------+---------------+
|          1 | Winston Smith |
+------------+---------------+
1 row in set (0.0005 sec)
 MySQL  localhost:3306 ssl  eva_1  SQL > insert into clientes(nombre) values('Julia');
Query OK, 1 row affected (0.0962 sec)
 MySQL  localhost:3306 ssl  eva_1  SQL > select * from clientes;
+------------+---------------+
| cliente_id | nombre        |
+------------+---------------+
|          1 | Winston Smith |
|          2 | Julia         |
+------------+---------------+
2 rows in set (0.0005 sec)
 MySQL  localhost:3306 ssl  eva_1  SQL > insert into ventas(cliente_id) values(1);
Query OK, 1 row affected (0.0075 sec)
 MySQL  localhost:3306 ssl  eva_1  SQL > select * from ventas;
+-----------+------------+
| ventas_id | cliente_id |
+-----------+------------+
|         2 |          1 |
+-----------+------------+
1 row in set (0.0005 sec)
 MySQL  localhost:3306 ssl  eva_1  SQL > insert into ventas(cliente_id) values(1);
Query OK, 1 row affected (0.0226 sec)
 MySQL  localhost:3306 ssl  eva_1  SQL > insert into ventas(cliente_id) values();
ERROR: 1136 (21S01): Column count doesn't match value count at row 1
 MySQL  localhost:3306 ssl  eva_1  SQL > insert into ventas(cliente_id) values(2);
Query OK, 1 row affected (0.0227 sec)
 MySQL  localhost:3306 ssl  eva_1  SQL > select * from ventas;
+-----------+------------+
| ventas_id | cliente_id |
+-----------+------------+
|         2 |          1 |
|         3 |          1 |
|         4 |          2 |
+-----------+------------+
3 rows in set (0.0005 sec)
 MySQL  localhost:3306 ssl  eva_1  SQL > insert into ventas(cliente_id) values(1);
Query OK, 1 row affected (0.0228 sec)
 MySQL  localhost:3306 ssl  eva_1  SQL > select * from ventas;
+-----------+------------+
| ventas_id | cliente_id |
+-----------+------------+
|         2 |          1 |
|         3 |          1 |
|         5 |          1 |
|         4 |          2 |
+-----------+------------+
4 rows in set (0.0005 sec)
 MySQL  localhost:3306 ssl  eva_1  SQL >  select * from ventas order by ventas_id;
+-----------+------------+
| ventas_id | cliente_id |
+-----------+------------+
|         2 |          1 |
|         3 |          1 |
|         4 |          2 |
|         5 |          1 |
+-----------+------------+
4 rows in set (0.0202 sec)
 MySQL  localhost:3306 ssl  eva_1  SQL > delete from clientes where cliente_id=1;
Query OK, 1 row affected (0.0102 sec)
 MySQL  localhost:3306 ssl  eva_1  SQL > select * from ventas;
+-----------+------------+
| ventas_id | cliente_id |
+-----------+------------+
|         4 |          2 |
+-----------+------------+
1 row in set (0.0005 sec)
 MySQL  localhost:3306 ssl  eva_1  SQL > select * from clientes;
+------------+--------+
| cliente_id | nombre |
+------------+--------+
|          2 | Julia  |
+------------+--------+
1 row in set (0.0005 sec)
 MySQL  localhost:3306 ssl  eva_1  SQL > update clientes set cliente_id = 7 where cliente_id = 2;
Query OK, 1 row affected (0.0040 sec)

Rows matched: 1  Changed: 1  Warnings: 0
 MySQL  localhost:3306 ssl  eva_1  SQL > select * from ventas;
+-----------+------------+
| ventas_id | cliente_id |
+-----------+------------+
|         4 |          7 |
+-----------+------------+
1 row in set (0.0005 sec)
 MySQL  localhost:3306 ssl  eva_1  SQL > select * from clientes;
+------------+--------+
| cliente_id | nombre |
+------------+--------+
|          7 | Julia  |
+------------+--------+
1 row in set (0.0004 sec)
 MySQL  localhost:3306 ssl  eva_1  SQL > create table ventas2(ventas_id int auto_increment not null key, cliente_id int not null, foreign key(cliente_id) references clientes(cliente_id) on delete restrict on update restrict);
Query OK, 0 rows affected (0.0626 sec)
 MySQL  localhost:3306 ssl  eva_1  SQL > select * from ventas2;
Empty set (0.0018 sec)
 MySQL  localhost:3306 ssl  eva_1  SQL > select * from ventas;
+-----------+------------+
| ventas_id | cliente_id |
+-----------+------------+
|         4 |          7 |
+-----------+------------+
1 row in set (0.0005 sec)
 MySQL  localhost:3306 ssl  eva_1  SQL > insert into ventas2(cliente_id) values(7);
Query OK, 1 row affected (0.0217 sec)
 MySQL  localhost:3306 ssl  eva_1  SQL > select * from ventas;
+-----------+------------+
| ventas_id | cliente_id |
+-----------+------------+
|         4 |          7 |
+-----------+------------+
1 row in set (0.0005 sec)
 MySQL  localhost:3306 ssl  eva_1  SQL > insert into ventas2(cliente_id) values(7);
Query OK, 1 row affected (0.0028 sec)
 MySQL  localhost:3306 ssl  eva_1  SQL > insert into ventas2(cliente_id) values(7);
Query OK, 1 row affected (0.0065 sec)
 MySQL  localhost:3306 ssl  eva_1  SQL > select * from ventas;
+-----------+------------+
| ventas_id | cliente_id |
+-----------+------------+
|         4 |          7 |
+-----------+------------+
1 row in set (0.0005 sec)
 MySQL  localhost:3306 ssl  eva_1  SQL > select * from ventas2;
+-----------+------------+
| ventas_id | cliente_id |
+-----------+------------+
|         1 |          7 |
|         2 |          7 |
|         3 |          7 |
+-----------+------------+
3 rows in set (0.0005 sec)
 MySQL  localhost:3306 ssl  eva_1  SQL > delete from clientes where cliente_id=7;
ERROR: 1451 (23000): Cannot delete or update a parent row: a foreign key constraint fails (`eva_1`.`ventas2`, CONSTRAINT `ventas2_ibfk_1` FOREIGN KEY (`cliente_id`) REFERENCES `clientes` (`cliente_id`) ON DELETE RESTRICT ON UPDATE RESTRICT)
 MySQL  localhost:3306 ssl  eva_1  SQL > create table carreras_ev8(carrera_id int auto_increment not null key);
Query OK, 0 rows affected (0.0717 sec)
 MySQL  localhost:3306 ssl  eva_1  SQL > create table materias_ev8(materia_id int auto_increment not null key, carrera_id int not null, foreign key(carrera_id) references carreras_ev8(carrera_id) on delete cascade on update cascade);
Query OK, 0 rows affected (0.5111 sec)
 MySQL  localhost:3306 ssl  eva_1  SQL > insert into table carreras_ev8(carrera_id) values ('ISC'),('IF'),('IDI'),('Arq');
ERROR: 1064 (42000): You have an error in your SQL syntax; check the manual that corresponds to your MySQL server version for the right syntax to use near 'table carreras_ev8(carrera_id) values ('ISC'),('IF'),('IDI'),('Arq')' at line 1
 MySQL  localhost:3306 ssl  eva_1  SQL > drop table materias_ev8;
Query OK, 0 rows affected (0.0267 sec)
 MySQL  localhost:3306 ssl  eva_1  SQL > drop table carreras_ev8;
Query OK, 0 rows affected (0.0298 sec)
 MySQL  localhost:3306 ssl  eva_1  SQL > create table carreras_ev8(carrera_id int auto_increment not null key, carreras varchar(30) not null);
Query OK, 0 rows affected (0.0702 sec)
 MySQL  localhost:3306 ssl  eva_1  SQL > create table materias_ev8(materia_id int auto_increment not null key, carrera_id int not null, foreign key(carrera_id) references carreras_ev8(carrera_id) on delete cascade on update cascade);
Query OK, 0 rows affected (0.0584 sec)
 MySQL  localhost:3306 ssl  eva_1  SQL >