Microsoft Windows [Version 10.0.17763.678]
(c) 2018 Microsoft Corporation. Todos los derechos reservados.

C:\Users\leone>mysqlsh
MySQL Shell 8.0.17

Copyright (c) 2016, 2019, Oracle and/or its affiliates. All rights reserved.
Oracle is a registered trademark of Oracle Corporation and/or its affiliates.
Other names may be trademarks of their respective owners.

Type '\help' or '\?' for help; '\quit' to exit.
 MySQL  JS > \sql
Switching to SQL mode... Commands end with ;
 MySQL  SQL > \connect --mc root@localhost
Creating a Classic session to 'root@localhost'
Please provide the password for 'root@localhost': ****
Save password for 'root@localhost'? [Y]es/[N]o/Ne[v]er (default No):
Fetching schema names for autocompletion... Press ^C to stop.
Your MySQL connection id is 8
Server version: 8.0.17 MySQL Community Server - GPL
No default schema selected; type \use <schema> to set one.
 MySQL  localhost:3306 ssl  SQL > show databases;
+--------------------+
| Database           |
+--------------------+
| copia_eva_1        |
| eva_1              |
| importada          |
| information_schema |
| mysql              |
| performance_schema |
| prueba2            |
| sys                |
+--------------------+
8 rows in set (0.0010 sec)
 MySQL  localhost:3306 ssl  SQL > use eva_1;
Default schema set to `eva_1`.
Fetching table and column names from `eva_1` for auto-completion... Press ^C to stop.
 MySQL  localhost:3306 ssl  eva_1  SQL > show tables;
+------------------+
| Tables_in_eva_1  |
+------------------+
| carreras         |
| country          |
| materias         |
| paises           |
| prueba           |
| prueba_copia     |
| prueba_copia_dat |
+------------------+
7 rows in set (0.0016 sec)
 MySQL  localhost:3306 ssl  eva_1  SQL > select * from carreras;
+--------+
| nombre |
+--------+
| ISC    |
+--------+
1 row in set (0.0276 sec)
 MySQL  localhost:3306 ssl  eva_1  SQL >  create table subjects(name varchar(50) not null primary key, credits int not null default 5);
Query OK, 0 rows affected (0.0758 sec)
 MySQL  localhost:3306 ssl  eva_1  SQL > show create table subjects;
+----------+----------------------------------------------------------------------------------------------------------------------------------------------------------------------------------------------+
| Table    | Create Table                                                                                                                                                                                 |
+----------+----------------------------------------------------------------------------------------------------------------------------------------------------------------------------------------------+
| subjects | CREATE TABLE `subjects` (
  `name` varchar(50) NOT NULL,
  `credits` int(11) NOT NULL DEFAULT '5',
  PRIMARY KEY (`name`)
) ENGINE=InnoDB DEFAULT CHARSET=utf8mb4 COLLATE=utf8mb4_0900_ai_ci |
+----------+----------------------------------------------------------------------------------------------------------------------------------------------------------------------------------------------+
1 row in set (0.0058 sec)
 MySQL  localhost:3306 ssl  eva_1  SQL > insert into subjects values('TBD',4),('EDD',5),('ARQ',5);
Query OK, 3 rows affected (0.0250 sec)

Records: 3  Duplicates: 0  Warnings: 0
 MySQL  localhost:3306 ssl  eva_1  SQL > SELECT * FROM subjects;
+------+---------+
| name | credits |
+------+---------+
| ARQ  |       5 |
| EDD  |       5 |
| TBD  |       4 |
+------+---------+
3 rows in set (0.0004 sec)
 MySQL  localhost:3306 ssl  eva_1  SQL > insert into subjects values('TBD',4);
ERROR: 1062 (23000): Duplicate entry 'TBD' for key 'PRIMARY'
 MySQL  localhost:3306 ssl  eva_1  SQL > create table materias2(nombre varchar(50) not null, creditos int default 5,
                                      ->                                      ... carrera varchar(50) not null, primary key(nombre,carrera));
ERROR: 1064 (42000): You have an error in your SQL syntax; check the manual that corresponds to your MySQL server version for the right syntax to use near '... carrera varchar(50) not null, primary key(nombre,carrera))' at line 2
 MySQL  localhost:3306 ssl  eva_1  SQL > create table materias2(nombre varchar(50) not null, creditos int default 5,carrera varchar(50) not null, primary key(nombre,carrera));
Query OK, 0 rows affected (0.0530 sec)
 MySQL  localhost:3306 ssl  eva_1  SQL > show create table materias2;
+-----------+---------------------------------------------------------------------------------------------------------------------------------------------------------------------------------------------------------------------------------------+
| Table     | Create Table                                                                                                                                                                                                                          |
+-----------+---------------------------------------------------------------------------------------------------------------------------------------------------------------------------------------------------------------------------------------+
| materias2 | CREATE TABLE `materias2` (
  `nombre` varchar(50) NOT NULL,
  `creditos` int(11) DEFAULT '5',
  `carrera` varchar(50) NOT NULL,
  PRIMARY KEY (`nombre`,`carrera`)
) ENGINE=InnoDB DEFAULT CHARSET=utf8mb4 COLLATE=utf8mb4_0900_ai_ci |
+-----------+---------------------------------------------------------------------------------------------------------------------------------------------------------------------------------------------------------------------------------------+
1 row in set (0.0017 sec)
 MySQL  localhost:3306 ssl  eva_1  SQL > insert into materias2 values('EDD',5,'SISTEMAS'),('EDD',5,'INFORMATICA'),('EDD',5,'ARQUITECTURA');
Query OK, 3 rows affected (0.0072 sec)

Records: 3  Duplicates: 0  Warnings: 0
 MySQL  localhost:3306 ssl  eva_1  SQL > insert into materias2 values('EDD',5,'SISTEMAS'),('EDD',5,'INFORMATICA'),('EDD',5,'ARQUITECTURA');
ERROR: 1062 (23000): Duplicate entry 'EDD-SISTEMAS' for key 'PRIMARY'
 MySQL  localhost:3306 ssl  eva_1  SQL > insert into materias2 values('EDD',5,'ARQUITECTURA');
ERROR: 1062 (23000): Duplicate entry 'EDD-ARQUITECTURA' for key 'PRIMARY'
 MySQL  localhost:3306 ssl  eva_1  SQL > create table alumnos(no_control int not null auto_increment key, nombre varchar(50));
Query OK, 0 rows affected (0.0663 sec)
 MySQL  localhost:3306 ssl  eva_1  SQL > insert into alumnos(nombre) values('HORSE LUIS'),('IVÁN'),('MARTIN');
Query OK, 3 rows affected (0.0244 sec)

Records: 3  Duplicates: 0  Warnings: 0
 MySQL  localhost:3306 ssl  eva_1  SQL >  SELECT * FROM alumnos;
+------------+------------+
| no_control | nombre     |
+------------+------------+
|          1 | HORSE LUIS |
|          2 | IVÁN       |
|          3 | MARTIN     |
+------------+------------+
3 rows in set (0.0005 sec)
 MySQL  localhost:3306 ssl  eva_1  SQL > delete from alumnos where no_control = 3;
Query OK, 1 row affected (0.0070 sec)
 MySQL  localhost:3306 ssl  eva_1  SQL > insert into alumnos(nombre) values('HORSE LUIS'),('IVÁN'),('MARTIN');
Query OK, 3 rows affected (0.0073 sec)

Records: 3  Duplicates: 0  Warnings: 0
 MySQL  localhost:3306 ssl  eva_1  SQL > show create table alumnos;
+---------+--------------------------------------------------------------------------------------------------------------------------------------------------------------------------------------------------------------------------------+
| Table   | Create Table                                                                                                                                                                                                                   |
+---------+--------------------------------------------------------------------------------------------------------------------------------------------------------------------------------------------------------------------------------+
| alumnos | CREATE TABLE `alumnos` (
  `no_control` int(11) NOT NULL AUTO_INCREMENT,
  `nombre` varchar(50) DEFAULT NULL,
  PRIMARY KEY (`no_control`)
) ENGINE=InnoDB AUTO_INCREMENT=7 DEFAULT CHARSET=utf8mb4 COLLATE=utf8mb4_0900_ai_ci |
+---------+--------------------------------------------------------------------------------------------------------------------------------------------------------------------------------------------------------------------------------+
1 row in set (0.0005 sec)
 MySQL  localhost:3306 ssl  eva_1  SQL > insert into alumnos(no_control) values ('7');
Query OK, 1 row affected (0.0067 sec)
 MySQL  localhost:3306 ssl  eva_1  SQL > SELECT * FROM alumnos;
+------------+------------+
| no_control | nombre     |
+------------+------------+
|          1 | HORSE LUIS |
|          2 | IVÁN       |
|          4 | HORSE LUIS |
|          5 | IVÁN       |
|          6 | MARTIN     |
|          7 | NULL       |
+------------+------------+
6 rows in set (0.0005 sec)
 MySQL  localhost:3306 ssl  eva_1  SQL > insert into alumnos(no_control,nombre) values (11,'MIGUEL');
Query OK, 1 row affected (0.0030 sec)
 MySQL  localhost:3306 ssl  eva_1  SQL > SELECT * FROM alumnos;
+------------+------------+
| no_control | nombre     |
+------------+------------+
|          1 | HORSE LUIS |
|          2 | IVÁN       |
|          4 | HORSE LUIS |
|          5 | IVÁN       |
|          6 | MARTIN     |
|          7 | NULL       |
|         11 | MIGUEL     |
+------------+------------+
7 rows in set (0.0005 sec)
 MySQL  localhost:3306 ssl  eva_1  SQL > insert into alumnos(nombre) values ('RUBEN');
Query OK, 1 row affected (0.0067 sec)
 MySQL  localhost:3306 ssl  eva_1  SQL > SELECT * FROM alumnos;
+------------+------------+
| no_control | nombre     |
+------------+------------+
|          1 | HORSE LUIS |
|          2 | IVÁN       |
|          4 | HORSE LUIS |
|          5 | IVÁN       |
|          6 | MARTIN     |
|          7 | NULL       |
|         11 | MIGUEL     |
|         12 | RUBEN      |
+------------+------------+
8 rows in set (0.0005 sec)
 MySQL  localhost:3306 ssl  eva_1  SQL >